// Jest Snapshot v1, https://goo.gl/fbAQLP

exports[`snapshot 1`] = `
<div
  data-reactroot=""
>
  <h1>
    Transfer ownership
  </h1>
  <p>
    Before you leaving, it is required to transfer your tasks, projects and workspace admin rights to other person.
  </p>
  <div>
    Loading...
  </div>
  <button
    disabled=""
  >
    Next
  </button>
</div>
`;
